Microchip MPLAB XC8 PIC(R) Assembler V2.36

Linker command line:

-W-3 --edf=C:\Program Files\Microchip\xc8\v2.36\pic\dat\en_msgs.txt -cs \
  -h+dist/default/debug\ECE3301_LAB0.X.debug.sym \
  --cmf=dist/default/debug\ECE3301_LAB0.X.debug.cmf -z -Q18F4321 \
  -oC:\Users\Nat\AppData\Local\Temp\xcAs29o.4 -ver=XC8 PIC(R) Assembler \
  -Mdist/default/debug/ECE3301_LAB0.X.debug.map -E1 --acfsm=1493 \
  -ACODE=00h-01FFFh -ACONST=00h-01FFFh -ASMALLCONST=0200h-02FFhx30 \
  -AMEDIUMCONST=0200h-01FFFh -ACOMRAM=00h-07Fh -AABS1=00h-01FFh \
  -ABIGRAM=00h-01FFh -ARAM=080h-0FFh,0100h-01FFh -ABANK0=080h-0FFh \
  -ABANK1=0100h-01FFh -ASFR=0F80h-0FFFh -ABIGSFR=0F80h-0FFFh \
  -ACONFIG=0300000h-030000Dh -AIDLOC=0200000h-0200007h \
  -AEEDATA=0F00000h-0F000FFh build/default/debug/Lab0_Example.o \
  build/default/debug/LAB1.o 

Object code version is 3.11

Machine type is 18F4321



                Name                               Link     Load   Length Selector   Space Scale
build/default/debug/Lab0_Example.o
                edata                            F00001   F00001        1  1E00000       3
build/default/debug/LAB1.o
                edata                            F00000   F00000        1  1E00000       3

TOTAL           Name                               Link     Load   Length     Space
        CLASS   CODE           

        CLASS   CONST          

        CLASS   SMALLCONST     

        CLASS   MEDIUMCONST    

        CLASS   COMRAM         

        CLASS   ABS1           

        CLASS   BIGRAM         

        CLASS   RAM            

        CLASS   BANK0          

        CLASS   BANK1          

        CLASS   SFR            

        CLASS   BIGSFR         

        CLASS   CONFIG         

        CLASS   IDLOC          

        CLASS   EEDATA         
                edata                            F00001   F00001        1         3
                edata                            F00000   F00000        1         3



SEGMENTS        Name                           Load    Length   Top    Selector   Space  Class

                edata                          F00000  000002  F00002   1E00000       3  EEDATA  


UNUSED ADDRESS RANGES

        Name                Unused          Largest block    Delta
        BANK0            000080-0000FF               80
        BANK1            000100-0001FF              100
        BIGRAM           000000-0001FF              200
        BIGSFR           000F80-000FFF               80
        CODE             000000-001FFF             2000
        COMRAM           000000-00007F               80
        CONFIG           300000-30000D                E
        CONST            000000-001FFF             2000
        EEDATA           F00002-F000FF               FE
        IDLOC            200000-200007                8
        MEDIUMCONST      000200-001FFF             1E00
        RAM              000080-0001FF               80
        SFR              000F80-000FFF               80
        SMALLCONST       000200-001FFF              100

                                  Symbol Table

__Hcode        code        000000  __Hdata        data        000000
__Hedata       edata       000000  __Hspace_0     (abs)       000000
__Hspace_1     (abs)       000000  __Hspace_3     (abs)       F00002
__Hudata       udata       000000  __Hudata_acs   udata_acs   000000
__Hudata_bank0 udata_bank0 000000  __Hudata_bank1 udata_bank1 000000
__Lcode        code        000000  __Ldata        data        000000
__Ledata       edata       000000  __Lspace_0     (abs)       000000
__Lspace_1     (abs)       000000  __Lspace_3     (abs)       000000
__Ludata       udata       000000  __Ludata_acs   udata_acs   000000
__Ludata_bank0 udata_bank0 000000  __Ludata_bank1 udata_bank1 000000
__S0           (abs)       000000  __S1           (abs)       000000
__S3           (abs)       F00002  isa$std        (abs)       000001
isa$xinst      (abs)       000000  
